// Jest Snapshot v1, https://goo.gl/fbAQLP

exports[`Hoc wrappers should should return wrapped component with proper prop annotation 1`] = `
<CounterModule
  title="Hello"
/>
`;

exports[`Hoc wrappers should should return wrapped component with proper prop annotation 2`] = `
<Counter
  counterService={
    CounterService {
      "logger": Logger {},
      "state": Object {
        "count": 0,
      },
    }
  }
  logger={Logger {}}
/>
`;

exports[`Hoc wrappers should work with HoC 1`] = `
<App>
  <main>
    <WithDependencyProvider(CounterModule)
      title="count module"
    >
      <DependencyProvider
        providers={
          Array [
            [Function],
            [Function],
          ]
        }
      >
        <CounterModule
          title="count module"
        >
          <div>
            <h3>
              count module
            </h3>
            <WithInjectables(Counter)>
              <Inject
                values={
                  Array [
                    [Function],
                    [Function],
                  ]
                }
              >
                <Counter
                  counterService={
                    CounterService {
                      "logger": Logger {},
                      "setState": [Function],
                      "state": Object {
                        "count": 0,
                      },
                    }
                  }
                  logger={Logger {}}
                >
                  <div
                    className="counter"
                  >
                    <h4>
                      Counter
                    </h4>
                    <p>
                      Count: 
                      0
                    </p>
                    <button
                      onClick={[Function]}
                    >
                      increment
                    </button>
                    <button
                      onClick={[Function]}
                    >
                      decrement
                    </button>
                    <section
                      className="children-section"
                    >
                      Hello projection
                    </section>
                  </div>
                </Counter>
              </Inject>
            </WithInjectables(Counter)>
          </div>
        </CounterModule>
      </DependencyProvider>
    </WithDependencyProvider(CounterModule)>
  </main>
</App>
`;
